########################################################################
#
#                             ICDE Layer Map
# 
# DESCRIPTION
#
# This file is used to map from the different layer names in a LEF to a
# number in ICDE environment primarily for display purposes. This is a
# reference file setup to easily load the LEF files and display thier
# contents. Ideally each technology should have it's own layer map.
#
# SYNTAX
#
#      <NAME>  <NUMBER>
#
# NOTE
#
# The file is case in-sensistive i.e. the settings below will aslo work
# for LEF file with layers in capital letters.
# 
########################################################################

#
# Style A 
#

boundary 00

poly   40
m1     41
m2     42
m3     43
m4     44
m5     45
m6     46
m7     47
m8     48
m9     49
m10    50
m11    51
m12    52
v0     60
cc     60
v1     61
v2     62
v3     63
v4     64
v5     65
v6     66
v7     67
v8     68
v9     69
v10    70
v11    71

#
# Style B
#

prBoundary 00

metal1     41
metal2     42
metal3     43
metal4     44
metal5     45
metal6     46
metal7     47
metal8     48
metal9     49
metal10    50
metal11    51
metal12    52
via        60
via0       60
via1       61
via2       62
via3       63
via4       64
via5       65
via6       66
via7       67
via8       68
via9       69
via10      70
via11      71

